nohup: ignoring input
[select] qgan c2: s44 (score 0.4292) -> /home/maru/qgan/outputs/models/qgan_0-9/2
[select] qgan c4: s42 (score 0.4469) -> /home/maru/qgan/outputs/models/qgan_0-9/4
[skip] classical c1 s42
[skip] classical c5 s42
[skip] classical c7 s42
[train] classical c8 s42 -> /home/maru/qgan/outputs/models/classical/8
[skip] classical c9 s42
[skip] classical c2 s42
[skip] classical c2 s43
[skip] classical c2 s44
[select] classical c2: s44 (score 0.3999) -> /home/maru/qgan/outputs/models/classical/2
[skip] classical c4 s42
[skip] classical c4 s43
[skip] classical c4 s44
[select] classical c4: s44 (score 0.5512) -> /home/maru/qgan/outputs/models/classical/4
[done] generation (see logs/main_generate.log)
[done] ctgan
majority classes (derived): [0, 3, 6] | target 2000
[baseline] 25185 rows -> /home/maru/qgan/data/processed/conditions/Train_baseline.csv
[undersample] 11218 rows -> /home/maru/qgan/data/processed/conditions/Train_undersample.csv
[oversample] 20000 rows -> /home/maru/qgan/data/processed/conditions/Train_oversample.csv
[smote] 20000 rows -> /home/maru/qgan/data/processed/conditions/Train_smote.csv
[qgan] 20000 rows -> /home/maru/qgan/data/processed/conditions/Train_qgan.csv
[ctgan] 20000 rows -> /home/maru/qgan/data/processed/conditions/Train_ctgan.csv
[classical] 20000 rows -> /home/maru/qgan/data/processed/conditions/Train_classical.csv
[saved] /home/maru/qgan/data/processed/conditions/build_manifest.json
conditions: ['baseline', 'undersample', 'oversample', 'smote', 'qgan', 'ctgan', 'classical'] | seeds: [42, 43, 44, 45, 46, 47, 48, 49, 50, 51]
[baseline     seed 42] macro-F1 0.2836 acc 0.5806 (best epoch 33)
[baseline     seed 43] macro-F1 0.2679 acc 0.5883 (best epoch 25)
[baseline     seed 44] macro-F1 0.2802 acc 0.5835 (best epoch 37)
[baseline     seed 45] macro-F1 0.2553 acc 0.5645 (best epoch 21)
[baseline     seed 46] macro-F1 0.2824 acc 0.5896 (best epoch 37)
[baseline     seed 47] macro-F1 0.2660 acc 0.5815 (best epoch 27)
[baseline     seed 48] macro-F1 0.2571 acc 0.5687 (best epoch 26)
[baseline     seed 49] macro-F1 0.2886 acc 0.5916 (best epoch 93)
[baseline     seed 50] macro-F1 0.2870 acc 0.5947 (best epoch 93)
[baseline     seed 51] macro-F1 0.2956 acc 0.6032 (best epoch 61)
[undersample  seed 42] macro-F1 0.2640 acc 0.5458 (best epoch 49)
[undersample  seed 43] macro-F1 0.2578 acc 0.5477 (best epoch 31)
[undersample  seed 44] macro-F1 0.2713 acc 0.5657 (best epoch 66)
[undersample  seed 45] macro-F1 0.2726 acc 0.5583 (best epoch 45)
[undersample  seed 46] macro-F1 0.2692 acc 0.5512 (best epoch 39)
[undersample  seed 47] macro-F1 0.2544 acc 0.5455 (best epoch 18)
[undersample  seed 48] macro-F1 0.2689 acc 0.5619 (best epoch 26)
[undersample  seed 49] macro-F1 0.2762 acc 0.5539 (best epoch 28)
[undersample  seed 50] macro-F1 0.2689 acc 0.5464 (best epoch 56)
[undersample  seed 51] macro-F1 0.2613 acc 0.5456 (best epoch 57)
[oversample   seed 42] macro-F1 0.2746 acc 0.5223 (best epoch 48)
[oversample   seed 43] macro-F1 0.3056 acc 0.5534 (best epoch 88)
[oversample   seed 44] macro-F1 0.3028 acc 0.5503 (best epoch 67)
[oversample   seed 45] macro-F1 0.2699 acc 0.5117 (best epoch 44)
[oversample   seed 46] macro-F1 0.2684 acc 0.5239 (best epoch 45)
[oversample   seed 47] macro-F1 0.2802 acc 0.5275 (best epoch 50)
[oversample   seed 48] macro-F1 0.2804 acc 0.5364 (best epoch 33)
[oversample   seed 49] macro-F1 0.2879 acc 0.5389 (best epoch 46)
[oversample   seed 50] macro-F1 0.2860 acc 0.5290 (best epoch 51)
[oversample   seed 51] macro-F1 0.2807 acc 0.5335 (best epoch 34)
[smote        seed 42] macro-F1 0.2935 acc 0.5453 (best epoch 73)
[smote        seed 43] macro-F1 0.2776 acc 0.5343 (best epoch 41)
[smote        seed 44] macro-F1 0.2752 acc 0.5322 (best epoch 48)
[smote        seed 45] macro-F1 0.2883 acc 0.5335 (best epoch 67)
[smote        seed 46] macro-F1 0.2911 acc 0.5365 (best epoch 59)
[smote        seed 47] macro-F1 0.2766 acc 0.5344 (best epoch 42)
[smote        seed 48] macro-F1 0.2998 acc 0.5537 (best epoch 54)
[smote        seed 49] macro-F1 0.2908 acc 0.5413 (best epoch 96)
[smote        seed 50] macro-F1 0.2875 acc 0.5435 (best epoch 65)
[smote        seed 51] macro-F1 0.2820 acc 0.5343 (best epoch 43)
[qgan         seed 42] macro-F1 0.2643 acc 0.5420 (best epoch 36)
[qgan         seed 43] macro-F1 0.2811 acc 0.5630 (best epoch 56)
[qgan         seed 44] macro-F1 0.2897 acc 0.5576 (best epoch 99)
[qgan         seed 45] macro-F1 0.2795 acc 0.5613 (best epoch 85)
[qgan         seed 46] macro-F1 0.2782 acc 0.5524 (best epoch 58)
[qgan         seed 47] macro-F1 0.2822 acc 0.5534 (best epoch 69)
[qgan         seed 48] macro-F1 0.2852 acc 0.5670 (best epoch 86)
[qgan         seed 49] macro-F1 0.2896 acc 0.5667 (best epoch 54)
[qgan         seed 50] macro-F1 0.2823 acc 0.5643 (best epoch 52)
[qgan         seed 51] macro-F1 0.2722 acc 0.5413 (best epoch 57)
[ctgan        seed 42] macro-F1 0.2757 acc 0.5696 (best epoch 68)
[ctgan        seed 43] macro-F1 0.2754 acc 0.5720 (best epoch 56)
[ctgan        seed 44] macro-F1 0.2866 acc 0.5757 (best epoch 50)
[ctgan        seed 45] macro-F1 0.2864 acc 0.5672 (best epoch 52)
[ctgan        seed 46] macro-F1 0.2813 acc 0.5618 (best epoch 40)
[ctgan        seed 47] macro-F1 0.2850 acc 0.5744 (best epoch 70)
[ctgan        seed 48] macro-F1 0.2926 acc 0.5778 (best epoch 72)
[ctgan        seed 49] macro-F1 0.2804 acc 0.5539 (best epoch 67)
[ctgan        seed 50] macro-F1 0.2741 acc 0.5570 (best epoch 59)
[ctgan        seed 51] macro-F1 0.2686 acc 0.5446 (best epoch 48)
[classical    seed 42] macro-F1 0.2784 acc 0.5546 (best epoch 61)
[classical    seed 43] macro-F1 0.2753 acc 0.5462 (best epoch 47)
[classical    seed 44] macro-F1 0.2721 acc 0.5504 (best epoch 38)
[classical    seed 45] macro-F1 0.2597 acc 0.5419 (best epoch 58)
[classical    seed 46] macro-F1 0.2867 acc 0.5572 (best epoch 42)
[classical    seed 47] macro-F1 0.2707 acc 0.5519 (best epoch 70)
[classical    seed 48] macro-F1 0.2807 acc 0.5595 (best epoch 48)
[classical    seed 49] macro-F1 0.2717 acc 0.5509 (best epoch 52)
[classical    seed 50] macro-F1 0.2901 acc 0.5669 (best epoch 46)
[classical    seed 51] macro-F1 0.2679 acc 0.5450 (best epoch 33)

========================================================================
MLP evaluation | 10 seeds [42, 43, 44, 45, 46, 47, 48, 49, 50, 51] | test rows: 6684
========================================================================

            accuracy         macro_precision         macro_recall         macro_f1        
                mean     std            mean     std         mean     std     mean     std
condition                                                                                 
baseline      0.5846  0.0116          0.2908  0.0151       0.2837  0.0153   0.2764  0.0139
undersample   0.5522  0.0075          0.2816  0.0064       0.2887  0.0089   0.2665  0.0069
oversample    0.5327  0.0127          0.3227  0.0142       0.3129  0.0160   0.2836  0.0125
smote         0.5389  0.0069          0.3191  0.0099       0.3214  0.0101   0.2862  0.0081
qgan          0.5569  0.0095          0.3059  0.0126       0.2974  0.0082   0.2804  0.0077
ctgan         0.5654  0.0108          0.3035  0.0165       0.2959  0.0069   0.2806  0.0072
classical     0.5525  0.0074          0.2926  0.0150       0.2971  0.0106   0.2753  0.0090

significance (paired by seed, macro-F1):
             dF1_vs_undersample  p_t_vs_undersample  p_wilcoxon_vs_undersample  dF1_vs_baseline  p_t_vs_baseline  p_wilcoxon_vs_baseline
condition                                                                                                                               
baseline                 0.0099              0.0644                     0.1055              NaN              NaN                     NaN
undersample                 NaN                 NaN                        NaN          -0.0099           0.0644                  0.1055
oversample               0.0172              0.0057                     0.0098           0.0073           0.2285                  0.3223
smote                    0.0198              0.0000                     0.0020           0.0099           0.0954                  0.1055
qgan                     0.0140              0.0004                     0.0020           0.0041           0.4765                  0.4922
ctgan                    0.0142              0.0004                     0.0020           0.0043           0.5136                  0.7695
classical                0.0089              0.0331                     0.0371          -0.0010           0.8207                  0.8457

per-class F1 (mean over seeds):
             f1_class_0  f1_class_1  f1_class_2  f1_class_3  f1_class_4  f1_class_5  f1_class_6  f1_class_7  f1_class_8  f1_class_9
condition                                                                                                                          
baseline         0.8864      0.2002      0.2588      0.2286      0.0442      0.0683      0.5462      0.0128      0.3549      0.1630
undersample      0.8775      0.1748      0.2154      0.1514      0.0518      0.0885      0.5614      0.0285      0.3605      0.1548
oversample       0.8703      0.2053      0.1936      0.1134      0.1969      0.1463      0.5269      0.0250      0.3797      0.1790
smote            0.8711      0.2068      0.1887      0.1249      0.2064      0.1420      0.5375      0.0356      0.3669      0.1825
qgan             0.8744      0.1905      0.2615      0.2020      0.0755      0.0869      0.5832      0.0483      0.3494      0.1325
ctgan            0.8851      0.1960      0.2482      0.2145      0.0652      0.0969      0.5862      0.0373      0.3410      0.1358
classical        0.8730      0.1822      0.2262      0.1866      0.0734      0.0845      0.5954      0.0449      0.3512      0.1359

reading guide: dF1_vs_undersample > 0 with small p is the only
result that can credit a generator; dF1_vs_baseline conflates
rebalancing with synthesis quality.
generators: ['qgan', 'ctgan', 'classical'] | classes: [np.int64(1), np.int64(2), np.int64(4), np.int64(5), np.int64(7), np.int64(8), np.int64(9)]
[qgan      class 1] JS 0.304 | W1 0.259 | corrMAD 0.265 | C2ST 0.999 | DCR 15.070 copy% 0.0%
[qgan      class 2] JS 0.288 | W1 0.291 | corrMAD 0.226 | C2ST 0.999 | DCR 23.277 copy% 0.0%
[qgan      class 4] JS 0.309 | W1 0.271 | corrMAD 0.249 | C2ST 0.998 | DCR 144.230 copy% 0.0%
[qgan      class 5] JS 0.332 | W1 0.292 | corrMAD 0.239 | C2ST 1.000 | DCR 9.871 copy% 0.0%
[qgan      class 7] JS 0.335 | W1 0.307 | corrMAD 0.242 | C2ST 0.998 | DCR 8.313 copy% 0.0%
[qgan      class 8] JS 0.298 | W1 0.236 | corrMAD 0.269 | C2ST 1.000 | DCR 12.960 copy% 0.0%
[qgan      class 9] JS 0.320 | W1 0.225 | corrMAD 0.183 | C2ST 1.000 | DCR 73.928 copy% 0.0%
[ctgan     class 1] JS 0.409 | W1 0.323 | corrMAD 0.260 | C2ST 1.000 | DCR 24.364 copy% 0.0%
[ctgan     class 2] JS 0.463 | W1 0.266 | corrMAD 0.221 | C2ST 1.000 | DCR 48.413 copy% 0.0%
[ctgan     class 4] JS 0.473 | W1 0.362 | corrMAD 0.247 | C2ST 1.000 | DCR 308.816 copy% 0.0%
[ctgan     class 5] JS 0.397 | W1 0.258 | corrMAD 0.256 | C2ST 1.000 | DCR 23.953 copy% 0.0%
[ctgan     class 7] JS 0.391 | W1 0.302 | corrMAD 0.238 | C2ST 1.000 | DCR 22.617 copy% 0.0%
[ctgan     class 8] JS 0.383 | W1 0.296 | corrMAD 0.239 | C2ST 1.000 | DCR 26.530 copy% 0.0%
[ctgan     class 9] JS 0.370 | W1 0.243 | corrMAD 0.190 | C2ST 1.000 | DCR 102.004 copy% 0.0%
[classical class 1] JS 0.232 | W1 0.218 | corrMAD 0.255 | C2ST 1.000 | DCR 9.411 copy% 0.0%
[classical class 2] JS 0.215 | W1 0.238 | corrMAD 0.237 | C2ST 0.999 | DCR 25.236 copy% 0.0%
[classical class 4] JS 0.272 | W1 0.199 | corrMAD 0.384 | C2ST 1.000 | DCR 94.440 copy% 0.0%
[classical class 5] JS 0.255 | W1 0.241 | corrMAD 0.267 | C2ST 1.000 | DCR 6.828 copy% 0.0%
[classical class 7] JS 0.265 | W1 0.281 | corrMAD 0.256 | C2ST 0.999 | DCR 7.043 copy% 0.0%
[classical class 8] JS 0.200 | W1 0.208 | corrMAD 0.206 | C2ST 1.000 | DCR 17.100 copy% 0.0%
[classical class 9] JS 0.226 | W1 0.151 | corrMAD 0.252 | C2ST 0.999 | DCR 53.057 copy% 0.0%

mean over classes (lower better except c2st_auc->0.5, dcr_ratio->~1):
           js_quantile  std_w1  corr_mad  c2st_auc  dcr_ratio  copy_frac
generator                                                               
classical       0.2377  0.2195    0.2653    0.9994    30.4453        0.0
ctgan           0.4123  0.2929    0.2358    1.0000    79.5281        0.0
qgan            0.3123  0.2687    0.2390    0.9991    41.0928        0.0

reading guide: for quantile-preprocessed runs, judge on corr_* and
c2st_auc; js/w1 match by construction. dcr_ratio << 1 or copy_frac
high = memorization, disqualifying regardless of other scores; c2st_auc
well BELOW 0.5 is also a memorization signature (copies pass as real).
[ALL DONE] see outputs/results/
