Category 2: real=535, target=2000, to generate=1465
/home/maru/qgan/src/qgan/generate.py:96: FutureWarning: You are using `torch.load` with `weights_only=False` (the current default value), which uses the default pickle module implicitly. It is possible to construct malicious pickle data which will execute arbitrary code during unpickling (See https://github.com/pytorch/pytorch/blob/main/SECURITY.md#untrusted-models for more details). In a future release, the default value for `weights_only` will be flipped to `True`. This limits the functions that could be executed during unpickling. Arbitrary objects will no longer be allowed to be loaded via this mode unless they are explicitly allowlisted by the user via `torch.serialization.add_safe_globals`. We recommend you start setting `weights_only=True` for any use case where you don't have full control of the loaded file. Please open an issue on GitHub for any issues related to this experimental feature.
  gen.load_state_dict(torch.load(weights, map_location="cpu"))
/home/maru/miniconda3/envs/qml/lib/python3.10/site-packages/sklearn/base.py:442: InconsistentVersionWarning: Trying to unpickle estimator QuantileTransformer from version 1.6.1 when using version 1.7.2. This might lead to breaking code or invalid results. Use at your own risk. For more info please refer to:
https://scikit-learn.org/stable/model_persistence.html#security-maintainability-limitations
  warnings.warn(
Loaded weights_best.pth (circuit v2, preproc quantile, best epoch 60)
[OK] 1465 synthetic rows -> /home/maru/qgan/outputs/models/qgan_0-9/2/synthetic.csv
Category 2: real=535, target=2000, to generate=1465
/home/maru/qgan/src/qgan/generate.py:96: FutureWarning: You are using `torch.load` with `weights_only=False` (the current default value), which uses the default pickle module implicitly. It is possible to construct malicious pickle data which will execute arbitrary code during unpickling (See https://github.com/pytorch/pytorch/blob/main/SECURITY.md#untrusted-models for more details). In a future release, the default value for `weights_only` will be flipped to `True`. This limits the functions that could be executed during unpickling. Arbitrary objects will no longer be allowed to be loaded via this mode unless they are explicitly allowlisted by the user via `torch.serialization.add_safe_globals`. We recommend you start setting `weights_only=True` for any use case where you don't have full control of the loaded file. Please open an issue on GitHub for any issues related to this experimental feature.
  gen.load_state_dict(torch.load(weights, map_location="cpu"))
Loaded weights_best.pth (circuit classical, preproc quantile, best epoch 95)
[OK] 1465 synthetic rows -> /home/maru/qgan/outputs/models/classical/2/synthetic.csv
Category 7: real=494, target=2000, to generate=1506
/home/maru/qgan/src/qgan/generate.py:96: FutureWarning: You are using `torch.load` with `weights_only=False` (the current default value), which uses the default pickle module implicitly. It is possible to construct malicious pickle data which will execute arbitrary code during unpickling (See https://github.com/pytorch/pytorch/blob/main/SECURITY.md#untrusted-models for more details). In a future release, the default value for `weights_only` will be flipped to `True`. This limits the functions that could be executed during unpickling. Arbitrary objects will no longer be allowed to be loaded via this mode unless they are explicitly allowlisted by the user via `torch.serialization.add_safe_globals`. We recommend you start setting `weights_only=True` for any use case where you don't have full control of the loaded file. Please open an issue on GitHub for any issues related to this experimental feature.
  gen.load_state_dict(torch.load(weights, map_location="cpu"))
/home/maru/miniconda3/envs/qml/lib/python3.10/site-packages/sklearn/base.py:442: InconsistentVersionWarning: Trying to unpickle estimator QuantileTransformer from version 1.6.1 when using version 1.7.2. This might lead to breaking code or invalid results. Use at your own risk. For more info please refer to:
https://scikit-learn.org/stable/model_persistence.html#security-maintainability-limitations
  warnings.warn(
Loaded weights_best.pth (circuit v2, preproc quantile, best epoch 30)
[OK] 1506 synthetic rows -> /home/maru/qgan/outputs/models/qgan_0-9/7/synthetic.csv
Category 7: real=494, target=2000, to generate=1506
/home/maru/qgan/src/qgan/generate.py:96: FutureWarning: You are using `torch.load` with `weights_only=False` (the current default value), which uses the default pickle module implicitly. It is possible to construct malicious pickle data which will execute arbitrary code during unpickling (See https://github.com/pytorch/pytorch/blob/main/SECURITY.md#untrusted-models for more details). In a future release, the default value for `weights_only` will be flipped to `True`. This limits the functions that could be executed during unpickling. Arbitrary objects will no longer be allowed to be loaded via this mode unless they are explicitly allowlisted by the user via `torch.serialization.add_safe_globals`. We recommend you start setting `weights_only=True` for any use case where you don't have full control of the loaded file. Please open an issue on GitHub for any issues related to this experimental feature.
  gen.load_state_dict(torch.load(weights, map_location="cpu"))
Loaded weights_best.pth (circuit classical, preproc quantile, best epoch 70)
[OK] 1506 synthetic rows -> /home/maru/qgan/outputs/models/classical/7/synthetic.csv
Category 1: real=800, target=2000, to generate=1200
/home/maru/qgan/src/qgan/generate.py:96: FutureWarning: You are using `torch.load` with `weights_only=False` (the current default value), which uses the default pickle module implicitly. It is possible to construct malicious pickle data which will execute arbitrary code during unpickling (See https://github.com/pytorch/pytorch/blob/main/SECURITY.md#untrusted-models for more details). In a future release, the default value for `weights_only` will be flipped to `True`. This limits the functions that could be executed during unpickling. Arbitrary objects will no longer be allowed to be loaded via this mode unless they are explicitly allowlisted by the user via `torch.serialization.add_safe_globals`. We recommend you start setting `weights_only=True` for any use case where you don't have full control of the loaded file. Please open an issue on GitHub for any issues related to this experimental feature.
  gen.load_state_dict(torch.load(weights, map_location="cpu"))
/home/maru/miniconda3/envs/qml/lib/python3.10/site-packages/sklearn/base.py:442: InconsistentVersionWarning: Trying to unpickle estimator QuantileTransformer from version 1.6.1 when using version 1.7.2. This might lead to breaking code or invalid results. Use at your own risk. For more info please refer to:
https://scikit-learn.org/stable/model_persistence.html#security-maintainability-limitations
  warnings.warn(
Loaded weights_best.pth (circuit v2, preproc quantile, best epoch 15)
[OK] 1200 synthetic rows -> /home/maru/qgan/outputs/models/qgan_0-9/1/synthetic.csv
Category 1: real=800, target=2000, to generate=1200
/home/maru/qgan/src/qgan/generate.py:96: FutureWarning: You are using `torch.load` with `weights_only=False` (the current default value), which uses the default pickle module implicitly. It is possible to construct malicious pickle data which will execute arbitrary code during unpickling (See https://github.com/pytorch/pytorch/blob/main/SECURITY.md#untrusted-models for more details). In a future release, the default value for `weights_only` will be flipped to `True`. This limits the functions that could be executed during unpickling. Arbitrary objects will no longer be allowed to be loaded via this mode unless they are explicitly allowlisted by the user via `torch.serialization.add_safe_globals`. We recommend you start setting `weights_only=True` for any use case where you don't have full control of the loaded file. Please open an issue on GitHub for any issues related to this experimental feature.
  gen.load_state_dict(torch.load(weights, map_location="cpu"))
Loaded weights_best.pth (circuit classical, preproc quantile, best epoch 45)
[OK] 1200 synthetic rows -> /home/maru/qgan/outputs/models/classical/1/synthetic.csv
Category 4: real=622, target=2000, to generate=1378
/home/maru/qgan/src/qgan/generate.py:96: FutureWarning: You are using `torch.load` with `weights_only=False` (the current default value), which uses the default pickle module implicitly. It is possible to construct malicious pickle data which will execute arbitrary code during unpickling (See https://github.com/pytorch/pytorch/blob/main/SECURITY.md#untrusted-models for more details). In a future release, the default value for `weights_only` will be flipped to `True`. This limits the functions that could be executed during unpickling. Arbitrary objects will no longer be allowed to be loaded via this mode unless they are explicitly allowlisted by the user via `torch.serialization.add_safe_globals`. We recommend you start setting `weights_only=True` for any use case where you don't have full control of the loaded file. Please open an issue on GitHub for any issues related to this experimental feature.
  gen.load_state_dict(torch.load(weights, map_location="cpu"))
/home/maru/miniconda3/envs/qml/lib/python3.10/site-packages/sklearn/base.py:442: InconsistentVersionWarning: Trying to unpickle estimator QuantileTransformer from version 1.6.1 when using version 1.7.2. This might lead to breaking code or invalid results. Use at your own risk. For more info please refer to:
https://scikit-learn.org/stable/model_persistence.html#security-maintainability-limitations
  warnings.warn(
Loaded weights_best.pth (circuit v2, preproc quantile, best epoch 50)
[OK] 1378 synthetic rows -> /home/maru/qgan/outputs/models/qgan_0-9/4/synthetic.csv
Category 4: real=622, target=2000, to generate=1378
/home/maru/qgan/src/qgan/generate.py:96: FutureWarning: You are using `torch.load` with `weights_only=False` (the current default value), which uses the default pickle module implicitly. It is possible to construct malicious pickle data which will execute arbitrary code during unpickling (See https://github.com/pytorch/pytorch/blob/main/SECURITY.md#untrusted-models for more details). In a future release, the default value for `weights_only` will be flipped to `True`. This limits the functions that could be executed during unpickling. Arbitrary objects will no longer be allowed to be loaded via this mode unless they are explicitly allowlisted by the user via `torch.serialization.add_safe_globals`. We recommend you start setting `weights_only=True` for any use case where you don't have full control of the loaded file. Please open an issue on GitHub for any issues related to this experimental feature.
  gen.load_state_dict(torch.load(weights, map_location="cpu"))
Loaded weights_best.pth (circuit classical, preproc quantile, best epoch 100)
[OK] 1378 synthetic rows -> /home/maru/qgan/outputs/models/classical/4/synthetic.csv
Category 5: real=893, target=2000, to generate=1107
/home/maru/qgan/src/qgan/generate.py:96: FutureWarning: You are using `torch.load` with `weights_only=False` (the current default value), which uses the default pickle module implicitly. It is possible to construct malicious pickle data which will execute arbitrary code during unpickling (See https://github.com/pytorch/pytorch/blob/main/SECURITY.md#untrusted-models for more details). In a future release, the default value for `weights_only` will be flipped to `True`. This limits the functions that could be executed during unpickling. Arbitrary objects will no longer be allowed to be loaded via this mode unless they are explicitly allowlisted by the user via `torch.serialization.add_safe_globals`. We recommend you start setting `weights_only=True` for any use case where you don't have full control of the loaded file. Please open an issue on GitHub for any issues related to this experimental feature.
  gen.load_state_dict(torch.load(weights, map_location="cpu"))
/home/maru/miniconda3/envs/qml/lib/python3.10/site-packages/sklearn/base.py:442: InconsistentVersionWarning: Trying to unpickle estimator QuantileTransformer from version 1.6.1 when using version 1.7.2. This might lead to breaking code or invalid results. Use at your own risk. For more info please refer to:
https://scikit-learn.org/stable/model_persistence.html#security-maintainability-limitations
  warnings.warn(
Loaded weights_best.pth (circuit v2, preproc quantile, best epoch 40)
[OK] 1107 synthetic rows -> /home/maru/qgan/outputs/models/qgan_0-9/5/synthetic.csv
Category 5: real=893, target=2000, to generate=1107
/home/maru/qgan/src/qgan/generate.py:96: FutureWarning: You are using `torch.load` with `weights_only=False` (the current default value), which uses the default pickle module implicitly. It is possible to construct malicious pickle data which will execute arbitrary code during unpickling (See https://github.com/pytorch/pytorch/blob/main/SECURITY.md#untrusted-models for more details). In a future release, the default value for `weights_only` will be flipped to `True`. This limits the functions that could be executed during unpickling. Arbitrary objects will no longer be allowed to be loaded via this mode unless they are explicitly allowlisted by the user via `torch.serialization.add_safe_globals`. We recommend you start setting `weights_only=True` for any use case where you don't have full control of the loaded file. Please open an issue on GitHub for any issues related to this experimental feature.
  gen.load_state_dict(torch.load(weights, map_location="cpu"))
Loaded weights_best.pth (circuit classical, preproc quantile, best epoch 45)
[OK] 1107 synthetic rows -> /home/maru/qgan/outputs/models/classical/5/synthetic.csv
Category 8: real=1472, target=2000, to generate=528
/home/maru/qgan/src/qgan/generate.py:96: FutureWarning: You are using `torch.load` with `weights_only=False` (the current default value), which uses the default pickle module implicitly. It is possible to construct malicious pickle data which will execute arbitrary code during unpickling (See https://github.com/pytorch/pytorch/blob/main/SECURITY.md#untrusted-models for more details). In a future release, the default value for `weights_only` will be flipped to `True`. This limits the functions that could be executed during unpickling. Arbitrary objects will no longer be allowed to be loaded via this mode unless they are explicitly allowlisted by the user via `torch.serialization.add_safe_globals`. We recommend you start setting `weights_only=True` for any use case where you don't have full control of the loaded file. Please open an issue on GitHub for any issues related to this experimental feature.
  gen.load_state_dict(torch.load(weights, map_location="cpu"))
Loaded weights_best.pth (circuit v2, preproc quantile, best epoch 45)
[OK] 528 synthetic rows -> /home/maru/qgan/outputs/models/qgan_0-9/8/synthetic.csv
Category 8: real=1472, target=2000, to generate=528
/home/maru/qgan/src/qgan/generate.py:96: FutureWarning: You are using `torch.load` with `weights_only=False` (the current default value), which uses the default pickle module implicitly. It is possible to construct malicious pickle data which will execute arbitrary code during unpickling (See https://github.com/pytorch/pytorch/blob/main/SECURITY.md#untrusted-models for more details). In a future release, the default value for `weights_only` will be flipped to `True`. This limits the functions that could be executed during unpickling. Arbitrary objects will no longer be allowed to be loaded via this mode unless they are explicitly allowlisted by the user via `torch.serialization.add_safe_globals`. We recommend you start setting `weights_only=True` for any use case where you don't have full control of the loaded file. Please open an issue on GitHub for any issues related to this experimental feature.
  gen.load_state_dict(torch.load(weights, map_location="cpu"))
Loaded weights_best.pth (circuit classical, preproc quantile, best epoch 15)
[OK] 528 synthetic rows -> /home/maru/qgan/outputs/models/classical/8/synthetic.csv
Category 9: real=877, target=2000, to generate=1123
/home/maru/qgan/src/qgan/generate.py:96: FutureWarning: You are using `torch.load` with `weights_only=False` (the current default value), which uses the default pickle module implicitly. It is possible to construct malicious pickle data which will execute arbitrary code during unpickling (See https://github.com/pytorch/pytorch/blob/main/SECURITY.md#untrusted-models for more details). In a future release, the default value for `weights_only` will be flipped to `True`. This limits the functions that could be executed during unpickling. Arbitrary objects will no longer be allowed to be loaded via this mode unless they are explicitly allowlisted by the user via `torch.serialization.add_safe_globals`. We recommend you start setting `weights_only=True` for any use case where you don't have full control of the loaded file. Please open an issue on GitHub for any issues related to this experimental feature.
  gen.load_state_dict(torch.load(weights, map_location="cpu"))
/home/maru/miniconda3/envs/qml/lib/python3.10/site-packages/sklearn/base.py:442: InconsistentVersionWarning: Trying to unpickle estimator QuantileTransformer from version 1.6.1 when using version 1.7.2. This might lead to breaking code or invalid results. Use at your own risk. For more info please refer to:
https://scikit-learn.org/stable/model_persistence.html#security-maintainability-limitations
  warnings.warn(
Loaded weights_best.pth (circuit v2, preproc quantile, best epoch 20)
[OK] 1123 synthetic rows -> /home/maru/qgan/outputs/models/qgan_0-9/9/synthetic.csv
Category 9: real=877, target=2000, to generate=1123
/home/maru/qgan/src/qgan/generate.py:96: FutureWarning: You are using `torch.load` with `weights_only=False` (the current default value), which uses the default pickle module implicitly. It is possible to construct malicious pickle data which will execute arbitrary code during unpickling (See https://github.com/pytorch/pytorch/blob/main/SECURITY.md#untrusted-models for more details). In a future release, the default value for `weights_only` will be flipped to `True`. This limits the functions that could be executed during unpickling. Arbitrary objects will no longer be allowed to be loaded via this mode unless they are explicitly allowlisted by the user via `torch.serialization.add_safe_globals`. We recommend you start setting `weights_only=True` for any use case where you don't have full control of the loaded file. Please open an issue on GitHub for any issues related to this experimental feature.
  gen.load_state_dict(torch.load(weights, map_location="cpu"))
Loaded weights_best.pth (circuit classical, preproc quantile, best epoch 45)
[OK] 1123 synthetic rows -> /home/maru/qgan/outputs/models/classical/9/synthetic.csv
