minority classes (derived): [np.int64(1), np.int64(2), np.int64(4), np.int64(5), np.int64(7), np.int64(8), np.int64(9)]
class 1: 727 real rows -> training CTGAN (300 epochs), will sample 1273
/home/maru/miniconda3/envs/qml/lib/python3.10/site-packages/ctgan/synthesizers/_utils.py:16: FutureWarning: `cuda` parameter is deprecated and will be removed in a future release. Please use `enable_gpu` instead.
  warnings.warn(
[saved] /home/maru/qgan/outputs/models/ctgan/1/synthetic.csv (1273 rows, generator params: 188566)
class 2: 482 real rows -> training CTGAN (300 epochs), will sample 1518
/home/maru/miniconda3/envs/qml/lib/python3.10/site-packages/ctgan/synthesizers/_utils.py:16: FutureWarning: `cuda` parameter is deprecated and will be removed in a future release. Please use `enable_gpu` instead.
  warnings.warn(
[saved] /home/maru/qgan/outputs/models/ctgan/2/synthetic.csv (1518 rows, generator params: 182200)
class 4: 456 real rows -> training CTGAN (300 epochs), will sample 1544
/home/maru/miniconda3/envs/qml/lib/python3.10/site-packages/ctgan/synthesizers/_utils.py:16: FutureWarning: `cuda` parameter is deprecated and will be removed in a future release. Please use `enable_gpu` instead.
  warnings.warn(
[saved] /home/maru/qgan/outputs/models/ctgan/4/synthetic.csv (1544 rows, generator params: 190400)
class 5: 736 real rows -> training CTGAN (300 epochs), will sample 1264
/home/maru/miniconda3/envs/qml/lib/python3.10/site-packages/ctgan/synthesizers/_utils.py:16: FutureWarning: `cuda` parameter is deprecated and will be removed in a future release. Please use `enable_gpu` instead.
  warnings.warn(
[saved] /home/maru/qgan/outputs/models/ctgan/5/synthetic.csv (1264 rows, generator params: 187266)
class 7: 582 real rows -> training CTGAN (300 epochs), will sample 1418
/home/maru/miniconda3/envs/qml/lib/python3.10/site-packages/ctgan/synthesizers/_utils.py:16: FutureWarning: `cuda` parameter is deprecated and will be removed in a future release. Please use `enable_gpu` instead.
  warnings.warn(
[saved] /home/maru/qgan/outputs/models/ctgan/7/synthetic.csv (1418 rows, generator params: 189273)
class 8: 1382 real rows -> training CTGAN (300 epochs), will sample 618
/home/maru/miniconda3/envs/qml/lib/python3.10/site-packages/ctgan/synthesizers/_utils.py:16: FutureWarning: `cuda` parameter is deprecated and will be removed in a future release. Please use `enable_gpu` instead.
  warnings.warn(
[saved] /home/maru/qgan/outputs/models/ctgan/8/synthetic.csv (618 rows, generator params: 202702)
class 9: 853 real rows -> training CTGAN (300 epochs), will sample 1147
/home/maru/miniconda3/envs/qml/lib/python3.10/site-packages/ctgan/synthesizers/_utils.py:16: FutureWarning: `cuda` parameter is deprecated and will be removed in a future release. Please use `enable_gpu` instead.
  warnings.warn(
[saved] /home/maru/qgan/outputs/models/ctgan/9/synthetic.csv (1147 rows, generator params: 195667)
