Label 4: 529 train / 93 val rows | circuit=classical preproc=quantile
generator classical: 148 trainable parameters
Epoch 001 | D +7.0717 | G -0.1340
Epoch 002 | D +3.7003 | G -0.7424
Epoch 003 | D +3.6559 | G -0.9015
Epoch 004 | D +3.3677 | G -0.8530
Epoch 005 | D +3.0561 | G -0.6555 | W1 0.7190 corr 0.3575 score 1.0765 *best*
Epoch 006 | D +2.4078 | G -0.4975
Epoch 007 | D +1.6507 | G -0.3705
Epoch 008 | D +6.9934 | G -0.6291
Epoch 009 | D +2.4568 | G -1.0215
Epoch 010 | D -2.2680 | G -0.9852 | W1 0.5961 corr 0.3369 score 0.9330 *best*
Epoch 011 | D -3.6131 | G -0.7781
Epoch 012 | D -2.7684 | G -0.8023
Epoch 013 | D -2.1434 | G -0.8119
Epoch 014 | D -2.2855 | G -0.4587
Epoch 015 | D -2.3524 | G -0.5598 | W1 0.3775 corr 0.3950 score 0.7725 *best*
Epoch 016 | D -2.3172 | G -0.4464
Epoch 017 | D -2.4874 | G -1.5202
Epoch 018 | D -2.6864 | G -1.3756
Epoch 019 | D -3.0437 | G -0.7696
Epoch 020 | D -2.4359 | G -0.5435 | W1 0.3672 corr 0.4525 score 0.8197
Epoch 021 | D -2.0474 | G +0.1288
Epoch 022 | D -2.2761 | G +0.9172
Epoch 023 | D -2.6238 | G -0.5198
Epoch 024 | D -2.2214 | G -2.0215
Epoch 025 | D -1.8272 | G -2.2519 | W1 0.3976 corr 0.3673 score 0.7649 *best*
Epoch 026 | D -2.7263 | G -0.9030
Epoch 027 | D -2.7396 | G -0.9292
Epoch 028 | D -1.0668 | G -3.6137
Epoch 029 | D -2.0871 | G +0.0317
Epoch 030 | D -1.8354 | G -1.1166 | W1 0.3647 corr 0.3469 score 0.7117 *best*
Epoch 031 | D -2.1127 | G -2.8788
Epoch 032 | D -2.0756 | G -1.7474
Epoch 033 | D -2.4147 | G -0.8547
Epoch 034 | D -1.8922 | G -2.2192
Epoch 035 | D -2.5724 | G -1.1979 | W1 0.3584 corr 0.3420 score 0.7004 *best*
Epoch 036 | D -1.9963 | G -2.4050
Epoch 037 | D -1.6852 | G -0.8612
Epoch 038 | D -2.2066 | G -0.9811
Epoch 039 | D -1.7648 | G -0.8375
Epoch 040 | D -1.6707 | G -0.7694 | W1 0.3362 corr 0.3361 score 0.6723 *best*
Epoch 041 | D -1.5904 | G -1.8116
Epoch 042 | D -1.6163 | G -2.0843
Epoch 043 | D -1.5539 | G -1.1207
Epoch 044 | D -1.5847 | G -0.8588
Epoch 045 | D -1.4868 | G -1.4741 | W1 0.2358 corr 0.4859 score 0.7217
Epoch 046 | D -1.5441 | G -2.2808
Epoch 047 | D -1.3484 | G -1.7470
Epoch 048 | D -1.2478 | G -0.9663
Epoch 049 | D -1.2857 | G -1.4359
Epoch 050 | D -1.0695 | G -2.0209 | W1 0.2728 corr 0.3980 score 0.6708 *best*
Epoch 051 | D -1.3850 | G -1.2333
Epoch 052 | D -0.7594 | G -0.6170
Epoch 053 | D -1.4708 | G -0.8053
Epoch 054 | D -0.6326 | G -2.6670
Epoch 055 | D -1.1933 | G -0.2728 | W1 0.3100 corr 0.3415 score 0.6514 *best*
Epoch 056 | D -0.7880 | G -0.8803
Epoch 057 | D -1.2150 | G -0.9698
Epoch 058 | D -1.0201 | G -0.8687
Epoch 059 | D -0.9449 | G -0.0627
Epoch 060 | D -1.3464 | G -0.9453 | W1 0.2717 corr 0.3458 score 0.6175 *best*
Epoch 061 | D -0.8750 | G -0.8566
Epoch 062 | D -0.9727 | G -0.8910
Epoch 063 | D -1.3082 | G -1.2014
Epoch 064 | D -0.9709 | G +0.5682
Epoch 065 | D -1.0507 | G -0.5857 | W1 0.3545 corr 0.2884 score 0.6428
Epoch 066 | D -0.9595 | G -1.2608
Epoch 067 | D -0.9922 | G -0.6083
Epoch 068 | D -1.1806 | G -0.8341
Epoch 069 | D -0.9363 | G -0.6865
Epoch 070 | D -1.3231 | G -0.6881 | W1 0.2184 corr 0.2352 score 0.4535 *best*
Epoch 071 | D -0.6658 | G -1.2669
Epoch 072 | D -0.8924 | G -0.7043
Epoch 073 | D -0.8697 | G -1.5208
Epoch 074 | D -0.9457 | G -0.4768
Epoch 075 | D -1.0018 | G +0.0032 | W1 0.2331 corr 0.2688 score 0.5019
Epoch 076 | D -0.9191 | G -0.6507
Epoch 077 | D -0.8186 | G -1.3226
Epoch 078 | D -0.9185 | G -0.5405
Epoch 079 | D -0.9322 | G -1.2697
Epoch 080 | D -0.9640 | G -0.1925 | W1 0.4366 corr 0.2786 score 0.7153
Epoch 081 | D -0.8728 | G +0.1232
Epoch 082 | D -0.8582 | G -0.6595
Epoch 083 | D -0.9459 | G -0.3182
Epoch 084 | D -0.9161 | G -0.0189
Epoch 085 | D -0.9078 | G -0.2961 | W1 0.2203 corr 0.2644 score 0.4847
Epoch 086 | D -0.8762 | G -0.8676
Epoch 087 | D -0.8669 | G -0.7960
Epoch 088 | D -0.8622 | G -0.2521
Epoch 089 | D -0.9514 | G -0.7825
Epoch 090 | D -0.7771 | G +0.0184 | W1 0.2572 corr 0.2565 score 0.5137
Epoch 091 | D -0.9520 | G -0.7052
Epoch 092 | D -0.9516 | G -0.1682
Epoch 093 | D -0.9021 | G +0.0554
Epoch 094 | D -0.9234 | G -0.2514
Epoch 095 | D -0.8733 | G +0.0148 | W1 0.2118 corr 0.2770 score 0.4888
Epoch 096 | D -0.8629 | G -0.0960
Epoch 097 | D -0.8308 | G +0.3410
Epoch 098 | D -0.7943 | G -0.1048
Epoch 099 | D -0.7763 | G +0.7342
Epoch 100 | D -0.7946 | G +0.3530 | W1 0.1960 corr 0.2483 score 0.4443 *best*
[saved] best epoch 100 (score 0.4443) -> /home/maru/qgan/outputs/models/classical/4
